
> vnt-fe@0.1.0 build
> next build

▲ Next.js 16.1.1 (Turbopack)
- Environments: .env

  Creating an optimized production build ...
✓ Compiled successfully in 27.6s
  Running TypeScript ...
  Collecting page data using 15 workers ...
  Generating static pages using 15 workers (0/13) ...
  Generating static pages using 15 workers (3/13) 
  Generating static pages using 15 workers (6/13) 
  Generating static pages using 15 workers (9/13) 
✓ Generating static pages using 15 workers (13/13) in 533.2ms
  Finalizing page optimization ...

Route (app)
┌ ○ /
├ ○ /_not-found
├ ○ /dashboard
├ ○ /exam
├ ƒ /exam/[id]/take
├ ○ /exams
├ ○ /login
├ ○ /register
├ ○ /reports
├ ○ /result
├ ○ /settings
└ ○ /student


○  (Static)   prerendered as static content
ƒ  (Dynamic)  server-rendered on demand

